// Jest Snapshot v1, https://goo.gl/fbAQLP

exports[`Server routes renders correctly 1`] = `
<h1>
  Jacob Clark
</h1>
`;