// Jest Snapshot v1, https://goo.gl/fbAQLP

exports[`Paragraph renders correctly 1`] = `
<p>
  Hello I am Jacob Clark
</p>
`;
